{
 "PWR_AttrCapabilities"  : [
                            "PWR_ATTR_CSTATE_LIMIT",
                            "PWR_ATTR_FREQ",
                            "PWR_ATTR_FREQ_LIMIT_MAX",
                            "PWR_ATTR_FREQ_LIMIT_MIN"
                           ],
 "PWR_MajorVersion"      : 0,
 "PWR_MinorVersion"      : 1,
 "PWR_ReturnCode"        : 0,
 "PWR_Messages"          : null,
 "PWR_ErrorMessages"     : null
}

