{
  "PWR_Attrs"            : [
                            {
                             "PWR_AttrName"              : "PWR_ATTR_CSTATE_LIMIT",
                             "PWR_AttrValueCapabilities" : [0,1,2,3,4],
                             "PWR_ReturnCode"            : 0
                            }
                           ],
  "PWR_MajorVersion"     : 0,
  "PWR_MinorVersion"     : 1,
  "PWR_ReturnCode"       : 0,
  "PWR_Messages"         : null,
  "PWR_ErrorMessages"    : null
}
