{
 "PWR_Attrs"             : [
                            {
                             "PWR_AttrName"   : "PWR_ATTR_FREQ_LIMIT_MAX",
                             "PWR_ReturnCode" : 0
                            }
                           ],
 "PWR_MajorVersion"      : 0,
 "PWR_MinorVersion"      : 1,
 "PWR_ReturnCode"        : 0,
 "PWR_Messages"          : null,
 "PWR_ErrorMessages"     : null
}
